<?xml version="1.0" encoding="utf-8"?>
<report><inputdir>.</inputdir><bestfit><filename>robot1.vxd</filename><fitness_score>0</fitness_score></bestfit><detail><robot1><currentTime>1.5119720728762331</currentTime><fitness_score>0</fitness_score><num_voxel>27</num_voxel><num_measured_voxel>27</num_measured_voxel><voxSize>0.01</voxSize><numClosePairs>0</numClosePairs><initialCenterOfMass><x>0.01</x><y>0.01</y><z>0.0099999999999999985</z></initialCenterOfMass><currentCenterOfMass><x>0.01</x><y>0.01</y><z>0.0099999968934994105</z></currentCenterOfMass><total_distance_of_all_voxels>8.387551591052355e-08</total_distance_of_all_voxels></robot1></detail></report>